// Jest Snapshot v1, https://goo.gl/fbAQLP

exports[`workflow manifest has metadata 1`] = `
"# Generated by cdkactions. Do not modify
# Generated as part of the 'stack' stack.
name: Test
on: push
jobs: {}
"
`;
