// Jest Snapshot v1, https://goo.gl/fbAQLP

exports[`complicated stack 1`] = `
"# Generated by cdkactions. Do not modify
# Generated as part of the 'abc' stack.
name: Build
on:
  - push
  - fork
  - pull_request
defaults:
  run:
    working-directory: ~/
  env:
    key: value
jobs:
  build:
    runs-on: ubuntu-latest
    steps:
      - uses: actions/checkout@v2
      - name: Build docker
        uses: docker/build-push-action@v1
        with:
          repository: example/image
          path: path/to/Dockerfile
          username: \${{ secrets.DOCKER_USERNAME }}
          password: \${{ secrets.DOCKER_PASSWORD }}
          push: \${{ github.ref == 'refs/heads/master' }}
          tags: 'latest,\${{ github.sha }}'
        continue-on-error: false
    continue-on-error: false
"
`;

exports[`complicated stack 2`] = `
"# Generated by cdkactions. Do not modify
# Generated as part of the 'abc' stack.
name: Deploy
on:
  push:
    branches:
      - master
jobs: {}
"
`;

exports[`complicated stack 3`] = `
"# Generated by cdkactions. Do not modify
# Generated as part of the 'abc' stack.
name: Cron
on:
  schedule:
    - cron: '*/15 * * * *'
jobs:
  matrix:
    runs-on: \${{ matrix.os }}
    strategy:
      matrix:
        os:
          - macos-latest
          - windows-latest
          - ubuntu-latest
        node:
          - 4
          - 6
          - 8
          - 10
        include:
          - os: windows-latest
            node: 4
            npm: 2
    steps:
      - uses: actions/checkout@v2
"
`;
