// Jest Snapshot v1, https://goo.gl/fbAQLP

exports[`manual workflow dispatch 1`] = `
Object {
  "jobs": Object {},
  "name": "Test",
  "on": Object {
    "workflowDispatch": Object {
      "inputs": Object {
        "one": Object {
          "default": "foo",
          "description": "input one",
          "required": false,
          "type": "string",
        },
      },
    },
  },
}
`;

exports[`toGHAction 1`] = `
Object {
  "defaults": Object {
    "run": Object {
      "working-directory": "~/",
    },
  },
  "jobs": Object {},
  "name": "Test",
  "on": Object {
    "issue_comment": Object {
      "types": Array [
        "created",
      ],
    },
    "pull_request": Object {
      "paths": Array [
        "test/",
      ],
      "paths-ignore": Array [
        "ignore-path/",
      ],
      "types": Array [
        "opened",
      ],
    },
  },
}
`;
